Added Component: Designator=buffer1(N0020A)
Add component (AddParameter): Name = "Bits(#)"; Value = "8"; VariantName = "[No Variations]"
Add component (AddParameter): Name = "Code_JEDEC"; Value = "MS-001"; VariantName = "[No Variations]"
Add component (AddParameter): Name = "DatasheetVersion"; Value = "SDLS144C"; VariantName = "[No Variations]"
Add component (AddParameter): Name = "F @ Nom Voltage(Max)(Mhz)"; Value = "35"; VariantName = "[No Variations]"
Add component (AddParameter): Name = "Generic Part Number"; Value = "SN74LS241"; VariantName = "[No Variations]"
Add component (AddParameter): Name = "ICC @ Nom Voltage(Max)(mA)"; Value = "0.046"; VariantName = "[No Variations]"
Add component (AddParameter): Name = "Input Type"; Value = "TTL"; VariantName = "[No Variations]"
Add component (AddParameter): Name = "Manufacturer"; Value = "Texas Instruments"; VariantName = "[No Variations]"
Add component (AddParameter): Name = "Operating Temperature Range(C)"; Value = "0 to 70"; VariantName = "[No Variations]"
Add component (AddParameter): Name = "Output Type"; Value = "TTL"; VariantName = "[No Variations]"
Add component (AddParameter): Name = "PackageReference"; Value = "N0020A"; VariantName = "[No Variations]"
Add component (AddParameter): Name = "PackageVersion"; Value = "http://www.ti.com/lit/ml/mpdi002c/mpdi002c.pdf"; VariantName = "[No Variations]"
Add component (AddParameter): Name = "Rating"; Value = "Catalog"; VariantName = "[No Variations]"
Add component (AddParameter): Name = "tpd @ Nom Voltage(Max)(ns)"; Value = "18"; VariantName = "[No Variations]"
Add component (AddParameter): Name = "VCC(Max)(V)"; Value = "5.25"; VariantName = "[No Variations]"
Add component (AddParameter): Name = "VCC(Min)(V)"; Value = "4.75"; VariantName = "[No Variations]"
Add component (AddParameter): Name = "Voltage(Nom)(V)"; Value = "5"; VariantName = "[No Variations]"
Added Component: Designator=divi1(N0016A)
Add component (AddParameter): Name = "Bits(#)"; Value = "4"; VariantName = "[No Variations]"
Add component (AddParameter): Name = "Code_JEDEC"; Value = "MS-001"; VariantName = "[No Variations]"
Add component (AddParameter): Name = "DatasheetVersion"; Value = "SCHS185C"; VariantName = "[No Variations]"
Add component (AddParameter): Name = "F @ Nom Voltage(Max)(Mhz)"; Value = "28"; VariantName = "[No Variations]"
Add component (AddParameter): Name = "Function"; Value = "Counter"; VariantName = "[No Variations]"
Add component (AddParameter): Name = "Generic Part Number"; Value = "CD74HC390"; VariantName = "[No Variations]"
Add component (AddParameter): Name = "ICC @ Nom Voltage(Max)(mA)"; Value = "0.08"; VariantName = "[No Variations]"
Add component (AddParameter): Name = "Input Type"; Value = "LVTTL/CMOS"; VariantName = "[No Variations]"
Add component (AddParameter): Name = "Inputs"; Value = "1"; VariantName = "[No Variations]"
Add component (AddParameter): Name = "Manufacturer"; Value = "Texas Instruments"; VariantName = "[No Variations]"
Add component (AddParameter): Name = "Operating Temperature Range(C)"; Value = "-55 to 125"; VariantName = "[No Variations]"
Add component (AddParameter): Name = "Output Drive (IOL/IOH)(Max)(mA)"; Value = "5.2/-5.2"; VariantName = "[No Variations]"
Add component (AddParameter): Name = "Output Type"; Value = "CMOS"; VariantName = "[No Variations]"
Add component (AddParameter): Name = "PackageReference"; Value = "N0016A"; VariantName = "[No Variations]"
Add component (AddParameter): Name = "Rating"; Value = "Catalog"; VariantName = "[No Variations]"
Add component (AddParameter): Name = "Schmitt Trigger"; Value = "No"; VariantName = "[No Variations]"
Add component (AddParameter): Name = "Technology Family"; Value = "HC"; VariantName = "[No Variations]"
Add component (AddParameter): Name = "tpd @ Nom Voltage(Max)(ns)"; Value = "52"; VariantName = "[No Variations]"
Add component (AddParameter): Name = "Type"; Value = "Decade"; VariantName = "[No Variations]"
Add component (AddParameter): Name = "VCC(Max)(V)"; Value = "6"; VariantName = "[No Variations]"
Add component (AddParameter): Name = "VCC(Min)(V)"; Value = "2"; VariantName = "[No Variations]"
Add component (AddParameter): Name = "Voltage(Nom)(V)"; Value = "3.3,5"; VariantName = "[No Variations]"
Added Component: Designator=Hclk1(header 2x4)
Add component (AddParameter): Name = "Parameter 1"; Value = "header 2x4"; VariantName = "[No Variations]"
Added Component: Designator=Hclk2(header 2x4)
Add component (AddParameter): Name = "Parameter 1"; Value = "header 2x4"; VariantName = "[No Variations]"
Added Component: Designator=nano1(FP-A000005-MFG)
Add component (AddParameter): Name = "Core Architecture"; Value = "AVR"; VariantName = "[No Variations]"
Add component (AddParameter): Name = "Data Bus Width"; Value = "8b"; VariantName = "[No Variations]"
Add component (AddParameter): Name = "Evaluation Kit"; Value = "Yes"; VariantName = "[No Variations]"
Add component (AddParameter): Name = "Height"; Value = "0.25inch"; VariantName = "[No Variations]"
Add component (AddParameter): Name = "Interface"; Value = "I2C"; VariantName = "[No Variations]"
Add component (AddParameter): Name = "Length"; Value = "7inch"; VariantName = "[No Variations]"
Add component (AddParameter): Name = "Number of Bits"; Value = "8"; VariantName = "[No Variations]"
Add component (AddParameter): Name = "Operating Supply Voltage"; Value = "12V"; VariantName = "[No Variations]"
Add component (AddParameter): Name = "Package Quantity"; Value = "50"; VariantName = "[No Variations]"
Add component (AddParameter): Name = "Packaging"; Value = "Bulk"; VariantName = "[No Variations]"
Add component (AddParameter): Name = "REACH SVHC"; Value = "No SVHC"; VariantName = "[No Variations]"
Add component (AddParameter): Name = "Series"; Value = "AVR® ATmega"; VariantName = "[No Variations]"
Add component (AddParameter): Name = "Weight"; Value = "0.358383oz"; VariantName = "[No Variations]"
Add component (AddParameter): Name = "Width"; Value = "5inch"; VariantName = "[No Variations]"
Added Pin To Net: NetName=gnd Pin=buffer1-1
Added Pin To Net: NetName=gnd Pin=buffer1-10
Added Pin To Net: NetName=5V Pin=buffer1-19
Added Pin To Net: NetName=5V Pin=buffer1-20
Add Pin To Net: Unknown Pin: Pin chavA-1
Add Pin To Net: Unknown Pin: Pin chavA-com
Add Pin To Net: Unknown Pin: Pin chavB-1
Add Pin To Net: Unknown Pin: Pin chavB-com
Add Pin To Net: Unknown Pin: Pin chavC-1
Add Pin To Net: Unknown Pin: Pin chavC-com
Add Pin To Net: Unknown Pin: Pin chavD-1
Add Pin To Net: Unknown Pin: Pin chavD-com
Add Pin To Net: Unknown Pin: Pin chavE-1
Add Pin To Net: Unknown Pin: Pin chavE-com
Add Pin To Net: Unknown Pin: Pin chavF-1
Add Pin To Net: Unknown Pin: Pin chavF-com
Add Pin To Net: Unknown Pin: Pin chavG-1
Add Pin To Net: Unknown Pin: Pin chavG-com
Add Pin To Net: Unknown Pin: Pin chavH-1
Add Pin To Net: Unknown Pin: Pin chavH-com
Add Pin To Net: Unknown Pin: Pin chavI-1
Add Pin To Net: Unknown Pin: Pin chavI-com
Add Pin To Net: Unknown Pin: Pin chavJ-1
Add Pin To Net: Unknown Pin: Pin chavJ-com
Added Pin To Net: NetName=gnd Pin=divi1-8
Added Pin To Net: NetName=gnd Pin=divi1-14
Added Pin To Net: NetName=5V Pin=divi1-16
Added Pin To Net: NetName=0.1HtzA Pin=buffer1-15
Added Pin To Net: NetName=0.1HtzA Pin=nano1-7
Added Net: Name=0.1HtzA
Added Pin To Net: NetName=0.1HtzB Pin=buffer1-5
Added Pin To Net: NetName=0.1HtzB Pin=Hclk2-C5
Added Pin To Net: NetName=0.1HtzB Pin=Hclk2-C6
Added Net: Name=0.1HtzB
Added Pin To Net: NetName=1HtzA Pin=buffer1-13
Added Pin To Net: NetName=1HtzA Pin=nano1-8
Added Net: Name=1HtzA
Added Pin To Net: NetName=1HtzB Pin=buffer1-7
Added Pin To Net: NetName=1HtzB Pin=Hclk2-C3
Added Pin To Net: NetName=1HtzB Pin=Hclk2-C4
Added Net: Name=1HtzB
Added Pin To Net: NetName=1KHtzA Pin=buffer1-6
Added Pin To Net: NetName=1KHtzA Pin=nano1-11
Added Net: Name=1KHtzA
Added Pin To Net: NetName=1KHtzB Pin=buffer1-14
Added Pin To Net: NetName=1KHtzB Pin=Hclk1-C5
Added Pin To Net: NetName=1KHtzB Pin=Hclk1-C6
Added Net: Name=1KHtzB
Added Pin To Net: NetName=10HtzA Pin=buffer1-11
Added Pin To Net: NetName=10HtzA Pin=nano1-9
Added Net: Name=10HtzA
Added Pin To Net: NetName=10HtzB Pin=buffer1-9
Added Pin To Net: NetName=10HtzB Pin=Hclk2-C1
Added Pin To Net: NetName=10HtzB Pin=Hclk2-C2
Added Net: Name=10HtzB
Added Pin To Net: NetName=10KHtzA Pin=buffer1-4
Added Pin To Net: NetName=10KHtzA Pin=divi1-13
Added Pin To Net: NetName=10KHtzA Pin=nano1-6
Added Net: Name=10KHtzA
Added Pin To Net: NetName=10KHtzB Pin=buffer1-16
Added Pin To Net: NetName=10KHtzB Pin=Hclk1-C3
Added Pin To Net: NetName=10KHtzB Pin=Hclk1-C4
Added Net: Name=10KHtzB
Added Pin To Net: NetName=100HtzA Pin=buffer1-8
Added Pin To Net: NetName=100HtzA Pin=nano1-10
Added Net: Name=100HtzA
Added Pin To Net: NetName=100HtzB Pin=buffer1-12
Added Pin To Net: NetName=100HtzB Pin=Hclk1-C7
Added Pin To Net: NetName=100HtzB Pin=Hclk1-C8
Added Net: Name=100HtzB
Added Pin To Net: NetName=100KHtzA Pin=buffer1-2
Added Pin To Net: NetName=100KHtzA Pin=divi1-12
Added Pin To Net: NetName=100KHtzA Pin=nano1-12
Added Net: Name=100KHtzA
Added Pin To Net: NetName=100KHtzB Pin=buffer1-18
Added Pin To Net: NetName=100KHtzB Pin=Hclk1-C1
Added Pin To Net: NetName=100KHtzB Pin=Hclk1-C2
Added Net: Name=100KHtzB
Added Pin To Net: NetName=Netdivi1_9 Pin=divi1-9
Added Pin To Net: NetName=Netdivi1_9 Pin=divi1-15
Added Net: Name=Netdivi1_9
Added Pin To Net: NetName=NetHclk2_7 Pin=Hclk2-C7
Added Pin To Net: NetName=NetHclk2_7 Pin=Hclk2-C8
Added Net: Name=NetHclk2_7
Added Pin To Net: NetName=pin_Freq Pin=nano1-5
Added Net: Name=pin_Freq
Added Pin To Net: NetName=pin_F Pin=nano1-22
Added Net: Name=pin_F
Added Pin To Net: NetName=pin_High Pin=nano1-23
Added Net: Name=pin_High
Added Pin To Net: NetName=pin_Low Pin=nano1-24
Added Net: Name=pin_Low
Added Pin To Net: NetName=segA Pin=nano1-13
Added Net: Name=segA
Added Pin To Net: NetName=segBC Pin=nano1-14
Added Net: Name=segBC
Added Pin To Net: NetName=segD Pin=nano1-15
Added Net: Name=segD
Added Pin To Net: NetName=segE Pin=nano1-16
Added Net: Name=segE
Added Pin To Net: NetName=segF Pin=nano1-19
Added Net: Name=segF
Added Pin To Net: NetName=segG Pin=nano1-20
Added Net: Name=segG
Added Class: Name=clock
