Removed Pin From Net: NetName=100KHtzA Pin=buffer1-2
Removed Pin From Net: NetName=10KHtzA Pin=buffer1-4
Removed Pin From Net: NetName=0.1HtzB Pin=buffer1-5
Removed Pin From Net: NetName=1KHtzA Pin=buffer1-6
Removed Pin From Net: NetName=100HtzA Pin=buffer1-8
Removed Pin From Net: NetName=10HtzB Pin=buffer1-9
Change Component Description : Designator=U1 Old Description=.56IN. 7 SEGMENT SINGLE DISPLAY, 565NM GREEN, GRAY FACE, WHITE SEGMENTS, COMMON New Description=.56IN. 7 SEGMENT SINGLE DISPLAY, 565NM GREEN, GRAY FACE, WHITE SEGMENTS, COMMON | Lumex LDS-C512RI
Added Pin To Net: NetName=10HtzA Pin=buffer1-2
Added Pin To Net: NetName=0.1HtzA Pin=buffer1-4
Added Pin To Net: NetName=10HtzB Pin=buffer1-5
Added Pin To Net: NetName=1HtzA Pin=buffer1-6
Added Pin To Net: NetName=10HtzB Pin=buffer1-8
Added Pin To Net: NetName=0.1HtzB Pin=buffer1-9
Add Pin To Net: Unknown Pin: Pin chavA1-com
Add Pin To Net: Unknown Pin: Pin chavB1-com
Add Pin To Net: Unknown Pin: Pin chavC1-com
Add Pin To Net: Unknown Pin: Pin chavD1-com
Add Pin To Net: Unknown Pin: Pin chavE1-com
Add Pin To Net: Unknown Pin: Pin chavF1-com
Add Pin To Net: Unknown Pin: Pin chavG1-com
Add Pin To Net: Unknown Pin: Pin chavH1-com
Add Pin To Net: Unknown Pin: Pin chavI1-com
Add Pin To Net: Unknown Pin: Pin chavJ1-com
