Change Component Description : Designator=U1 Old Description=.56IN. 7 SEGMENT SINGLE DISPLAY, 565NM GREEN, GRAY FACE, WHITE SEGMENTS, COMMON New Description=.56IN. 7 SEGMENT SINGLE DISPLAY, 565NM GREEN, GRAY FACE, WHITE SEGMENTS, COMMON | Lumex LDS-C512RI
Add Pin To Net: Unknown Pin: Pin chavA1-com
Add Pin To Net: Unknown Pin: Pin chavB1-com
Add Pin To Net: Unknown Pin: Pin chavC1-com
Add Pin To Net: Unknown Pin: Pin chavD1-com
Add Pin To Net: Unknown Pin: Pin chavE1-com
Add Pin To Net: Unknown Pin: Pin chavF1-com
Add Pin To Net: Unknown Pin: Pin chavG1-com
Add Pin To Net: Unknown Pin: Pin chavH1-com
Add Pin To Net: Unknown Pin: Pin chavI1-com
Add Pin To Net: Unknown Pin: Pin chavJ1-com
Added Pin To Net: NetName=5V Pin=R49-2
Added Pin To Net: NetName=5V Pin=R51-2
Added Pin To Net: NetName=5V Pin=R53-2
Added Pin To Net: NetName=5V Pin=R55-2
Added Pin To Net: NetName=5V Pin=R57-2
Added Pin To Net: NetName=5V Pin=R59-2
Added Pin To Net: NetName=5V Pin=R61-2
Added Pin To Net: NetName=5V Pin=R63-2
Added Pin To Net: NetName=5V Pin=R65-2
Added Pin To Net: NetName=5V Pin=R67-2
