Removed Pin From Net: NetName=NetC14_1 Pin=R31-2
Removed Member From Class: ClassName=chaves Member=R41
Removed Member From Class: ClassName=leds Member=R53
Removed Member From Class: ClassName=leds Member=R55
Removed Member From Class: ClassName=leds Member=R57
Change Component Designator: OldDesignator=chavA NewDesignator=chavA1
Change Component Designator: OldDesignator=chavB NewDesignator=chavB1
Change Component Designator: OldDesignator=chavC NewDesignator=chavC1
Change Component Designator: OldDesignator=chavD NewDesignator=chavD1
Change Component Designator: OldDesignator=chavE NewDesignator=chavE1
Change Component Designator: OldDesignator=chavF NewDesignator=chavF1
Change Component Designator: OldDesignator=chavG NewDesignator=chavG1
Change Component Designator: OldDesignator=chavH NewDesignator=chavH1
Change Component Designator: OldDesignator=chavI NewDesignator=chavI1
Change Component Designator: OldDesignator=chavJ NewDesignator=chavJ1
Change Component Designator: OldDesignator=H_5v NewDesignator=H_1
Change Component Designator: OldDesignator=H_12v NewDesignator=H_2
Change Component Designator: OldDesignator=H_-12v NewDesignator=H_-1
Change Component Designator: OldDesignator=H_gnd NewDesignator=H_gnd1
Change Component Designator: OldDesignator=lm1 NewDesignator=lm2
Change Component Designator: OldDesignator=lm2 NewDesignator=lm3
Change Component Designator: OldDesignator=lm3 NewDesignator=lm4
Change Component Designator: OldDesignator=lm4 NewDesignator=lm1
Change Component Designator: OldDesignator=pin_5V2 NewDesignator=pin_2
Change Component Designator: OldDesignator=pin_5V NewDesignator=pin_1
Change Component Designator: OldDesignator=pin_12V NewDesignator=pin_3
Change Component Designator: OldDesignator=pin_-12V NewDesignator=pin_-1
Change Component Designator: OldDesignator=pin_gnd2 NewDesignator=pin_gnd1
Change Component Designator: OldDesignator=pin_gnd NewDesignator=pin_gnd2
Change Component Designator: OldDesignator=pot1 NewDesignator=pot6
Change Component Designator: OldDesignator=pot2 NewDesignator=pot1
Change Component Designator: OldDesignator=pot3 NewDesignator=pot2
Change Component Designator: OldDesignator=pot4 NewDesignator=pot3
Change Component Designator: OldDesignator=pot5 NewDesignator=pot4
Change Component Designator: OldDesignator=pot6 NewDesignator=pot5
Change Component Designator: OldDesignator=R32 NewDesignator=R31
Change Component Designator: OldDesignator=R33 NewDesignator=R32
Change Component Designator: OldDesignator=R34 NewDesignator=R33
Change Component Designator: OldDesignator=R35 NewDesignator=R34
Change Component Designator: OldDesignator=R36 NewDesignator=R35
Change Component Designator: OldDesignator=R37 NewDesignator=R36
Change Component Designator: OldDesignator=R38 NewDesignator=R37
Change Component Designator: OldDesignator=R39 NewDesignator=R38
Change Component Designator: OldDesignator=R40 NewDesignator=R39
Change Component Designator: OldDesignator=R41 NewDesignator=R40
Change Component Designator: OldDesignator=R42 NewDesignator=R49
Change Component Designator: OldDesignator=R43 NewDesignator=R51
Change Component Designator: OldDesignator=R44 NewDesignator=R53
Change Component Designator: OldDesignator=R46 NewDesignator=R55
Change Component Designator: OldDesignator=R47 NewDesignator=R57
Change Component Designator: OldDesignator=R48 NewDesignator=R59
Change Component Designator: OldDesignator=R49 NewDesignator=R61
Change Component Designator: OldDesignator=R50 NewDesignator=R63
Change Component Designator: OldDesignator=R51 NewDesignator=R65
Change Component Designator: OldDesignator=R52 NewDesignator=R67
Change Component Designator: OldDesignator=R53 NewDesignator=R48
Change Component Designator: OldDesignator=R54 NewDesignator=R50
Change Component Designator: OldDesignator=R55 NewDesignator=R52
Change Component Designator: OldDesignator=R56 NewDesignator=R54
Change Component Designator: OldDesignator=R57 NewDesignator=R56
Change Component Designator: OldDesignator=R59 NewDesignator=R60
Change Component Designator: OldDesignator=R60 NewDesignator=R62
Change Component Designator: OldDesignator=R61 NewDesignator=R64
Change Component Designator: OldDesignator=R62 NewDesignator=R66
Change Component Designator: OldDesignator=R63 NewDesignator=R41
Change Component Designator: OldDesignator=R64 NewDesignator=R42
Change Component Designator: OldDesignator=R65 NewDesignator=R43
Change Component Designator: OldDesignator=R66 NewDesignator=R44
Change Component Designator: OldDesignator=R67 NewDesignator=R45
Change Component Designator: OldDesignator=R68 NewDesignator=R46
Change Component Designator: OldDesignator=R69 NewDesignator=R47
Change Component Description : Designator=U1 Old Description=.56IN. 7 SEGMENT SINGLE DISPLAY, 565NM GREEN, GRAY FACE, WHITE SEGMENTS, COMMON New Description=.56IN. 7 SEGMENT SINGLE DISPLAY, 565NM GREEN, GRAY FACE, WHITE SEGMENTS, COMMON | Lumex LDS-C512RI
Add Pin To Net: Unknown Pin: Pin chavA1-com
Add Pin To Net: Unknown Pin: Pin chavB1-com
Add Pin To Net: Unknown Pin: Pin chavC1-com
Add Pin To Net: Unknown Pin: Pin chavD1-com
Add Pin To Net: Unknown Pin: Pin chavE1-com
Add Pin To Net: Unknown Pin: Pin chavF1-com
Add Pin To Net: Unknown Pin: Pin chavG1-com
Add Pin To Net: Unknown Pin: Pin chavH1-com
Add Pin To Net: Unknown Pin: Pin chavI1-com
Add Pin To Net: Unknown Pin: Pin chavJ1-com
Change Net Name : Old Net Name=NetH_5v_2 New Net Name=NetH_1_2
Change Net Name : Old Net Name=NetH_12v_2 New Net Name=NetH_2_2
Change Net Name : Old Net Name=NetH_-12v_2 New Net Name=NetH_-1_2
Change Net Name : Old Net Name=NetH_gnd_2 New Net Name=NetH_gnd1_2
Change Net Name : Old Net Name=Netlm1_5 New Net Name=Netlm2_5
Change Net Name : Old Net Name=Netlm4_4 New Net Name=Netlm1_4
Change Net Name : Old Net Name=Netlm4_6 New Net Name=Netlm1_6
Change Net Name : Old Net Name=Netlm4_9 New Net Name=Netlm1_9
Change Net Name : Old Net Name=Netlm4_11 New Net Name=Netlm1_11
Change Net Name : Old Net Name=NetR42_2 New Net Name=NetR49_2
Change Net Name : Old Net Name=NetR63_2 New Net Name=NetR41_2
Change Net Name : Old Net Name=NetR64_2 New Net Name=NetR42_2
Change Net Name : Old Net Name=NetR65_2 New Net Name=NetR43_2
Change Net Name : Old Net Name=NetR66_2 New Net Name=NetR44_2
Change Net Name : Old Net Name=NetR67_2 New Net Name=NetR45_2
Change Net Name : Old Net Name=NetR68_2 New Net Name=NetR46_2
Change Net Name : Old Net Name=NetR69_2 New Net Name=NetR47_2
Added Pin To Net: NetName=NetchavA1_1 Pin=R3-1
Added Net: Name=NetchavA1_1
Added Pin To Net: NetName=NetchavB1_1 Pin=R7-1
Added Net: Name=NetchavB1_1
Added Pin To Net: NetName=NetchavC1_1 Pin=R11-1
Added Net: Name=NetchavC1_1
Added Pin To Net: NetName=NetchavD1_1 Pin=R15-1
Added Net: Name=NetchavD1_1
Added Pin To Net: NetName=NetchavE1_1 Pin=R19-1
Added Net: Name=NetchavE1_1
Added Pin To Net: NetName=NetchavF1_1 Pin=R23-1
Added Net: Name=NetchavF1_1
Added Pin To Net: NetName=NetchavG1_1 Pin=R27-1
Added Net: Name=NetchavG1_1
Added Pin To Net: NetName=NetchavH1_1 Pin=R31-1
Added Net: Name=NetchavH1_1
Added Pin To Net: NetName=NetchavI1_1 Pin=R35-1
Added Net: Name=NetchavI1_1
Added Pin To Net: NetName=NetchavJ1_1 Pin=R39-1
Added Net: Name=NetchavJ1_1
Added Member To Class: ClassName=leds Member=Component R63 MRS16000C2002FCT00
Added Member To Class: ClassName=leds Member=Component R66 MRS16000C2002FCT00
Added Member To Class: ClassName=leds Member=Component R67 MRS16000C2002FCT00
