Removed Pin From Net: NetName=NetC10_1 Pin=inv2-1
Removed Pin From Net: NetName=chaveD/ Pin=inv2-2
Removed Pin From Net: NetName=chaveD/ Pin=inv2-3
Removed Pin From Net: NetName=chaveD Pin=inv2-4
Removed Pin From Net: NetName=chaveC Pin=inv2-10
Removed Pin From Net: NetName=chaveC/ Pin=inv2-11
Removed Pin From Net: NetName=chaveC/ Pin=inv2-12
Removed Pin From Net: NetName=NetC9_1 Pin=inv2-13
Add Pin To Net: Unknown Pin: Pin chavA1-com
Add Pin To Net: Unknown Pin: Pin chavB1-com
Add Pin To Net: Unknown Pin: Pin chavC1-com
Add Pin To Net: Unknown Pin: Pin chavD1-com
Add Pin To Net: Unknown Pin: Pin chavE1-com
Add Pin To Net: Unknown Pin: Pin chavF1-com
Add Pin To Net: Unknown Pin: Pin chavG1-com
Add Pin To Net: Unknown Pin: Pin chavH1-com
Add Pin To Net: Unknown Pin: Pin chavI1-com
Add Pin To Net: Unknown Pin: Pin chavJ1-com
Added Pin To Net: NetName=NetC9_1 Pin=inv2-1
Added Pin To Net: NetName=chaveC/ Pin=inv2-2
Added Pin To Net: NetName=chaveC/ Pin=inv2-3
Added Pin To Net: NetName=chaveC Pin=inv2-4
Added Pin To Net: NetName=chaveD Pin=inv2-10
Added Pin To Net: NetName=chaveD/ Pin=inv2-11
Added Pin To Net: NetName=chaveD/ Pin=inv2-12
Added Pin To Net: NetName=NetC10_1 Pin=inv2-13
