Change Physical Footprint: Designator=chavA1 Old Footprint=MTS-102 New Footprint=MTS-102
Change Physical Footprint: Designator=chavB1 Old Footprint=MTS-102 New Footprint=MTS-102
Change Physical Footprint: Designator=chavC1 Old Footprint=MTS-102 New Footprint=MTS-102
Change Physical Footprint: Designator=chavD1 Old Footprint=MTS-102 New Footprint=MTS-102
Change Physical Footprint: Designator=chavE1 Old Footprint=MTS-102 New Footprint=MTS-102
Change Physical Footprint: Designator=chavF1 Old Footprint=MTS-102 New Footprint=MTS-102
Change Physical Footprint: Designator=chavG1 Old Footprint=MTS-102 New Footprint=MTS-102
Change Physical Footprint: Designator=chavH1 Old Footprint=MTS-102 New Footprint=MTS-102
Change Physical Footprint: Designator=chavI1 Old Footprint=MTS-102 New Footprint=MTS-102
Change Physical Footprint: Designator=chavJ1 Old Footprint=MTS-102 New Footprint=MTS-102
Change Physical Footprint: Designator=pin_5V Old Footprint=FP-TSW-101-07-L-S-MFG New Footprint=FP-TSW-101-07-L-S-MFG
Change Physical Footprint: Designator=pin_5V2 Old Footprint=FP-TSW-101-07-L-S-MFG New Footprint=FP-TSW-101-07-L-S-MFG
Change Physical Footprint: Designator=pin_12V Old Footprint=FP-TSW-101-07-L-S-MFG New Footprint=FP-TSW-101-07-L-S-MFG
Change Physical Footprint: Designator=pin_-12V Old Footprint=FP-TSW-101-07-L-S-MFG New Footprint=FP-TSW-101-07-L-S-MFG
Change Physical Footprint: Designator=pin_gnd1 Old Footprint=FP-TSW-101-07-L-S-MFG New Footprint=FP-TSW-101-07-L-S-MFG
Change Physical Footprint: Designator=pin_gnd2 Old Footprint=FP-TSW-101-07-L-S-MFG New Footprint=FP-TSW-101-07-L-S-MFG
Change Physical Footprint: Designator=probe1 Old Footprint=FP-TSW-101-07-L-S-MFG New Footprint=FP-TSW-101-07-L-S-MFG
Change Physical Footprint: Designator=probe2 Old Footprint=FP-TSW-101-07-L-S-MFG New Footprint=FP-TSW-101-07-L-S-MFG
Change Physical Footprint: Designator=R18 Old Footprint=FP-MRS1600-MFG New Footprint=FP-MRS1600-MFG
Change Physical Footprint: Designator=R20 Old Footprint=FP-MRS1600-MFG New Footprint=FP-MRS1600-MFG
Change Physical Footprint: Designator=R26 Old Footprint=FP-MRS1600-MFG New Footprint=FP-MRS1600-MFG
Change Physical Footprint: Designator=R28 Old Footprint=FP-MRS1600-MFG New Footprint=FP-MRS1600-MFG
Change Physical Footprint: Designator=R34 Old Footprint=FP-MRS1600-MFG New Footprint=FP-MRS1600-MFG
Change Physical Footprint: Designator=R36 Old Footprint=FP-MRS1600-MFG New Footprint=FP-MRS1600-MFG
