Add Pin To Net: Unknown Pin: Pin chavA1-com
Add Pin To Net: Unknown Pin: Pin chavB1-com
Add Pin To Net: Unknown Pin: Pin chavC1-com
Add Pin To Net: Unknown Pin: Pin chavD1-com
Add Pin To Net: Unknown Pin: Pin chavE1-com
Add Pin To Net: Unknown Pin: Pin chavF1-com
Add Pin To Net: Unknown Pin: Pin chavG1-com
Add Pin To Net: Unknown Pin: Pin chavH1-com
Add Pin To Net: Unknown Pin: Pin chavI1-com
Add Pin To Net: Unknown Pin: Pin chavJ1-com
Added Pin To Net: NetName=5V Pin=H_5V-C2
Added Pin To Net: NetName=5V Pin=H_5V-C4
Added Pin To Net: NetName=5V Pin=H_5V-C6
Added Pin To Net: NetName=5V Pin=H_5V-C8
Added Pin To Net: NetName=12V Pin=H_12V-C2
Added Pin To Net: NetName=12V Pin=H_12V-C4
Added Pin To Net: NetName=12V Pin=H_12V-C6
Added Pin To Net: NetName=12V Pin=H_12V-C8
Added Pin To Net: NetName=-12V Pin=H_-12V-C2
Added Pin To Net: NetName=-12V Pin=H_-12V-C4
Added Pin To Net: NetName=-12V Pin=H_-12V-C6
Added Pin To Net: NetName=-12V Pin=H_-12V-C8
Added Pin To Net: NetName=gnd Pin=H_gnd-C2
Added Pin To Net: NetName=gnd Pin=H_gnd-C4
Added Pin To Net: NetName=gnd Pin=H_gnd-C6
Added Pin To Net: NetName=gnd Pin=H_gnd-C8
