Removed Pin From Net: NetName=NetC11_1 Pin=inv2-5
Removed Pin From Net: NetName=chaveE/ Pin=inv2-6
Removed Pin From Net: NetName=chaveE Pin=inv2-8
Removed Pin From Net: NetName=chaveE/ Pin=inv2-9
Removed Pin From Net: NetName=chaveF Pin=inv2-10
Removed Pin From Net: NetName=chaveF/ Pin=inv2-11
Removed Pin From Net: NetName=chaveF/ Pin=inv2-12
Removed Pin From Net: NetName=NetC12_1 Pin=inv2-13
Add Pin To Net: Unknown Pin: Pin chavA1-com
Add Pin To Net: Unknown Pin: Pin chavB1-com
Add Pin To Net: Unknown Pin: Pin chavC1-com
Add Pin To Net: Unknown Pin: Pin chavD1-com
Add Pin To Net: Unknown Pin: Pin chavE1-com
Add Pin To Net: Unknown Pin: Pin chavF1-com
Add Pin To Net: Unknown Pin: Pin chavG1-com
Add Pin To Net: Unknown Pin: Pin chavH1-com
Add Pin To Net: Unknown Pin: Pin chavI1-com
Add Pin To Net: Unknown Pin: Pin chavJ1-com
Added Pin To Net: NetName=NetC11_1 Pin=inv4-1
Added Pin To Net: NetName=chaveE/ Pin=inv4-2
Added Pin To Net: NetName=chaveE/ Pin=inv4-3
Added Pin To Net: NetName=chaveE Pin=inv4-4
Added Pin To Net: NetName=chaveF Pin=inv4-10
Added Pin To Net: NetName=chaveF/ Pin=inv4-11
Added Pin To Net: NetName=chaveF/ Pin=inv4-12
Added Pin To Net: NetName=NetC12_1 Pin=inv4-13
