Removed Pin From Net: NetName=NetC8_1 Pin=inv1-5
Removed Pin From Net: NetName=chaveB/ Pin=inv1-6
Removed Pin From Net: NetName=chaveB Pin=inv1-8
Removed Pin From Net: NetName=chaveB/ Pin=inv1-9
Removed Pin From Net: NetName=chaveC Pin=inv1-10
Removed Pin From Net: NetName=chaveC/ Pin=inv1-11
Removed Pin From Net: NetName=chaveC/ Pin=inv1-12
Removed Pin From Net: NetName=NetC9_1 Pin=inv1-13
Add Pin To Net: Unknown Pin: Pin chavA1-com
Add Pin To Net: Unknown Pin: Pin chavB1-com
Add Pin To Net: Unknown Pin: Pin chavC1-com
Add Pin To Net: Unknown Pin: Pin chavD1-com
Add Pin To Net: Unknown Pin: Pin chavE1-com
Add Pin To Net: Unknown Pin: Pin chavF1-com
Add Pin To Net: Unknown Pin: Pin chavG1-com
Add Pin To Net: Unknown Pin: Pin chavH1-com
Add Pin To Net: Unknown Pin: Pin chavI1-com
Add Pin To Net: Unknown Pin: Pin chavJ1-com
Added Pin To Net: NetName=chaveB Pin=inv1-10
Added Pin To Net: NetName=chaveB/ Pin=inv1-11
Added Pin To Net: NetName=chaveB/ Pin=inv1-12
Added Pin To Net: NetName=NetC8_1 Pin=inv1-13
Added Pin To Net: NetName=chaveC Pin=inv2-10
Added Pin To Net: NetName=chaveC/ Pin=inv2-11
Added Pin To Net: NetName=chaveC/ Pin=inv2-12
Added Pin To Net: NetName=NetC9_1 Pin=inv2-13
