Added Component: Designator=inv1(N0014A)
Add component (AddParameter): Name = "Bits(#)"; Value = "6"; VariantName = "[No Variations]"
Add component (AddParameter): Name = "Code_JEDEC"; Value = "MS-001"; VariantName = "[No Variations]"
Add component (AddParameter): Name = "DatasheetVersion"; Value = "SCLS085G"; VariantName = "[No Variations]"
Add component (AddParameter): Name = "F @ Nom Voltage(Max)(Mhz)"; Value = "20"; VariantName = "[No Variations]"
Add component (AddParameter): Name = "Generic Part Number"; Value = "SN74HC14"; VariantName = "[No Variations]"
Add component (AddParameter): Name = "ICC @ Nom Voltage(Max)(mA)"; Value = "0.02"; VariantName = "[No Variations]"
Add component (AddParameter): Name = "Input Type"; Value = "CMOS"; VariantName = "[No Variations]"
Add component (AddParameter): Name = "Manufacturer"; Value = "Texas Instruments"; VariantName = "[No Variations]"
Add component (AddParameter): Name = "Operating Temperature Range(C)"; Value = "-40 to 85"; VariantName = "[No Variations]"
Add component (AddParameter): Name = "Output Drive (IOL/IOH)(Max)(mA)"; Value = "-4/4"; VariantName = "[No Variations]"
Add component (AddParameter): Name = "Output Type"; Value = "CMOS"; VariantName = "[No Variations]"
Add component (AddParameter): Name = "PackageReference"; Value = "N0014A"; VariantName = "[No Variations]"
Add component (AddParameter): Name = "Rating"; Value = "Catalog"; VariantName = "[No Variations]"
Add component (AddParameter): Name = "Schmitt Trigger"; Value = "Yes"; VariantName = "[No Variations]"
Add component (AddParameter): Name = "Technology Family"; Value = "HC"; VariantName = "[No Variations]"
Add component (AddParameter): Name = "tpd @ Nom Voltage(Max)(ns)"; Value = "31"; VariantName = "[No Variations]"
Add component (AddParameter): Name = "VCC(Max)(V)"; Value = "6"; VariantName = "[No Variations]"
Add component (AddParameter): Name = "VCC(Min)(V)"; Value = "2"; VariantName = "[No Variations]"
Add component (AddParameter): Name = "Voltage(Nom)(V)"; Value = "5"; VariantName = "[No Variations]"
Added Member To Class: ClassName=8810 Member=Component C? DE2E3SA103MJ3BX02F
Added Member To Class: ClassName=8810 Member=Component C? VY1472M63Y5UQ6TV0
Added Member To Class: ClassName=8810 Member=Component DS? LTS-546AP
Added Member To Class: ClassName=8810 Member=Component inv1 SN74HC14N
Added Member To Class: ClassName=8810 Member=Component J? TSW-101-07-L-S
Added Member To Class: ClassName=8810 Member=Component R? MRS16000C2002FCT00
Added Member To Class: ClassName=8810 Member=Component U? SN74LS241N
Added Member To Class: ClassName=8810 Member=Component U? LM339J
Added Member To Class: ClassName=8810 Member=Component U? SN74LS241N
Added Member To Class: ClassName=8810 Member=Component U? CD74HC390E
Added Member To Class: ClassName=8810 Member=Component U? LM339J
Added Member To Class: ClassName=8810 Member=Component U? CD74HC390E
Added Member To Class: ClassName=8810 Member=Component U? LM339J
Added Member To Class: ClassName=8810 Member=Component U? SN74LS241N
Added Member To Class: ClassName=8810 Member=Component U? LM339J
Added Member To Class: ClassName=8810 Member=Component U? CD74HC390E
