Change Component Designator: OldDesignator=chavA1 NewDesignator=chavA
Change Component Designator: OldDesignator=chavB1 NewDesignator=chavB
Change Component Designator: OldDesignator=chavC1 NewDesignator=chavC
Change Component Designator: OldDesignator=chavD1 NewDesignator=chavD
Change Component Designator: OldDesignator=chavE1 NewDesignator=chavE
Change Component Designator: OldDesignator=chavF1 NewDesignator=chavF
Change Component Designator: OldDesignator=chavG1 NewDesignator=chavG
Change Component Designator: OldDesignator=chavH1 NewDesignator=chavH
Change Component Designator: OldDesignator=chavI1 NewDesignator=chavI
Change Component Designator: OldDesignator=chavJ1 NewDesignator=chavJ
Change Component Designator: OldDesignator=H_1 NewDesignator=H_5v
Change Component Designator: OldDesignator=H_2 NewDesignator=H_12v
Change Component Designator: OldDesignator=H_-1 NewDesignator=H_-12v
Change Component Designator: OldDesignator=H_gnd1 NewDesignator=H_gnd
Change Component Designator: OldDesignator=lm1 NewDesignator=lm4
Change Component Designator: OldDesignator=lm1 NewDesignator=lm4
Change Component Designator: OldDesignator=lm1 NewDesignator=lm4
Change Component Designator: OldDesignator=lm1 NewDesignator=lm4
Change Component Designator: OldDesignator=lm2 NewDesignator=lm1
Change Component Designator: OldDesignator=lm2 NewDesignator=lm1
Change Component Designator: OldDesignator=lm2 NewDesignator=lm1
Change Component Designator: OldDesignator=lm2 NewDesignator=lm1
Change Component Designator: OldDesignator=lm3 NewDesignator=lm2
Change Component Designator: OldDesignator=lm3 NewDesignator=lm2
Change Component Designator: OldDesignator=lm3 NewDesignator=lm2
Change Component Designator: OldDesignator=lm3 NewDesignator=lm2
Change Component Designator: OldDesignator=lm4 NewDesignator=lm3
Change Component Designator: OldDesignator=lm4 NewDesignator=lm3
Change Component Designator: OldDesignator=pin_1 NewDesignator=pin_5V
Change Component Designator: OldDesignator=pin_2 NewDesignator=pin_5V2
Change Component Designator: OldDesignator=pin_3 NewDesignator=pin_12V
Change Component Designator: OldDesignator=pin_-1 NewDesignator=pin_-12V
Change Component Designator: OldDesignator=pin_gnd1 NewDesignator=pin_gnd2
Change Component Designator: OldDesignator=pin_gnd2 NewDesignator=pin_gnd
Change Component Designator: OldDesignator=pot1 NewDesignator=pot2
Change Component Designator: OldDesignator=pot2 NewDesignator=pot3
Change Component Designator: OldDesignator=pot3 NewDesignator=pot4
Change Component Designator: OldDesignator=pot4 NewDesignator=pot5
Change Component Designator: OldDesignator=pot5 NewDesignator=pot6
Change Component Designator: OldDesignator=pot6 NewDesignator=pot1
Change Component Designator: OldDesignator=R31 NewDesignator=R32
Change Component Designator: OldDesignator=R32 NewDesignator=R33
Change Component Designator: OldDesignator=R33 NewDesignator=R34
Change Component Designator: OldDesignator=R34 NewDesignator=R35
Change Component Designator: OldDesignator=R35 NewDesignator=R36
Change Component Designator: OldDesignator=R36 NewDesignator=R37
Change Component Designator: OldDesignator=R37 NewDesignator=R38
Change Component Designator: OldDesignator=R38 NewDesignator=R39
Change Component Designator: OldDesignator=R39 NewDesignator=R40
Change Component Designator: OldDesignator=R40 NewDesignator=R41
Change Component Designator: OldDesignator=R41 NewDesignator=R63
Change Component Designator: OldDesignator=R42 NewDesignator=R64
Change Component Designator: OldDesignator=R43 NewDesignator=R65
Change Component Designator: OldDesignator=R44 NewDesignator=R66
Change Component Designator: OldDesignator=R45 NewDesignator=R67
Change Component Designator: OldDesignator=R46 NewDesignator=R68
Change Component Designator: OldDesignator=R47 NewDesignator=R69
Change Component Designator: OldDesignator=R48 NewDesignator=R53
Change Component Designator: OldDesignator=R49 NewDesignator=R42
Change Component Designator: OldDesignator=R50 NewDesignator=R54
Change Component Designator: OldDesignator=R51 NewDesignator=R43
Change Component Designator: OldDesignator=R52 NewDesignator=R55
Change Component Designator: OldDesignator=R53 NewDesignator=R44
Change Component Designator: OldDesignator=R54 NewDesignator=R56
Change Component Designator: OldDesignator=R55 NewDesignator=R46
Change Component Designator: OldDesignator=R56 NewDesignator=R57
Change Component Designator: OldDesignator=R57 NewDesignator=R47
Change Component Designator: OldDesignator=R59 NewDesignator=R48
Change Component Designator: OldDesignator=R60 NewDesignator=R59
Change Component Designator: OldDesignator=R61 NewDesignator=R49
Change Component Designator: OldDesignator=R62 NewDesignator=R60
Change Component Designator: OldDesignator=R63 NewDesignator=R50
Change Component Designator: OldDesignator=R64 NewDesignator=R61
Change Component Designator: OldDesignator=R65 NewDesignator=R51
Change Component Designator: OldDesignator=R66 NewDesignator=R62
Change Component Designator: OldDesignator=R67 NewDesignator=R52
