Removed Pin From Net: NetName=chaveI Pin=inv3-10
Removed Pin From Net: NetName=chaveI/ Pin=inv3-11
Removed Pin From Net: NetName=chaveI/ Pin=inv3-12
Removed Pin From Net: NetName=NetC15_1 Pin=inv3-13
Removed Pin From Net: NetName=NetC16_1 Pin=inv4-1
Removed Pin From Net: NetName=chaveJ/ Pin=inv4-2
Removed Pin From Net: NetName=chaveJ/ Pin=inv4-3
Removed Pin From Net: NetName=chaveJ Pin=inv4-4
Add Pin To Net: Unknown Pin: Pin chavA1-com
Add Pin To Net: Unknown Pin: Pin chavB1-com
Add Pin To Net: Unknown Pin: Pin chavC1-com
Add Pin To Net: Unknown Pin: Pin chavD1-com
Add Pin To Net: Unknown Pin: Pin chavE1-com
Add Pin To Net: Unknown Pin: Pin chavF1-com
Add Pin To Net: Unknown Pin: Pin chavG1-com
Add Pin To Net: Unknown Pin: Pin chavH1-com
Add Pin To Net: Unknown Pin: Pin chavI1-com
Add Pin To Net: Unknown Pin: Pin chavJ1-com
Added Pin To Net: NetName=chaveJ Pin=inv3-10
Added Pin To Net: NetName=chaveJ/ Pin=inv3-11
Added Pin To Net: NetName=chaveJ/ Pin=inv3-12
Added Pin To Net: NetName=NetC16_1 Pin=inv3-13
Added Pin To Net: NetName=chaveI Pin=inv4-10
Added Pin To Net: NetName=chaveI/ Pin=inv4-11
Added Pin To Net: NetName=chaveI/ Pin=inv4-12
Added Pin To Net: NetName=NetC15_1 Pin=inv4-13
Added Member To Class: ClassName=chaves Member=Component inv4 SN74HC14N
