Change Component Designator: Old Designator=C7 New Designator=C?
Change Component Designator: Old Designator=C8 New Designator=C?
Change Component Designator: Old Designator=C9 New Designator=C?
Change Component Designator: Old Designator=C10 New Designator=C?
Change Component Designator: Old Designator=C11 New Designator=C?
Change Component Designator: Old Designator=C12 New Designator=C?
Change Component Designator: Old Designator=C13 New Designator=C?
Change Component Designator: Old Designator=C14 New Designator=C?
Change Component Designator: Old Designator=C15 New Designator=C?
Change Component Designator: Old Designator=C16 New Designator=C?
Change Component Designator: Old Designator=chavA New Designator=chavA?
Change Component Designator: Old Designator=chavB New Designator=chavB?
Change Component Designator: Old Designator=chavC New Designator=chavC?
Change Component Designator: Old Designator=chavD New Designator=chavD?
Change Component Designator: Old Designator=chavE New Designator=chavE?
Change Component Designator: Old Designator=chavF New Designator=chavF?
Change Component Designator: Old Designator=chavG New Designator=chavG?
Change Component Designator: Old Designator=chavH New Designator=chavH?
Change Component Designator: Old Designator=chavI New Designator=chavI?
Change Component Designator: Old Designator=chavJ New Designator=chavJ?
Change Component Designator: Old Designator=HAB1 New Designator=HAB?
Change Component Designator: Old Designator=HCD1 New Designator=HCD?
Change Component Designator: Old Designator=HEF1 New Designator=HEF?
Change Component Designator: Old Designator=HGH1 New Designator=HGH?
Change Component Designator: Old Designator=HIJ1 New Designator=HIJ?
Change Component Designator: Old Designator=inv1 New Designator=inv?
Change Component Designator: Old Designator=inv1 New Designator=inv?
Change Component Designator: Old Designator=inv1 New Designator=inv?
Change Component Designator: Old Designator=inv1 New Designator=inv?
Change Component Designator: Old Designator=inv1 New Designator=inv?
Change Component Designator: Old Designator=inv1 New Designator=inv?
Change Component Designator: Old Designator=inv1 New Designator=inv?
Change Component Designator: Old Designator=inv2 New Designator=inv?
Change Component Designator: Old Designator=inv2 New Designator=inv?
Change Component Designator: Old Designator=inv2 New Designator=inv?
Change Component Designator: Old Designator=inv2 New Designator=inv?
Change Component Designator: Old Designator=inv2 New Designator=inv?
Change Component Designator: Old Designator=inv2 New Designator=inv?
Change Component Designator: Old Designator=inv2 New Designator=inv?
Change Component Designator: Old Designator=inv3 New Designator=inv?
Change Component Designator: Old Designator=inv3 New Designator=inv?
Change Component Designator: Old Designator=inv3 New Designator=inv?
Change Component Designator: Old Designator=inv3 New Designator=inv?
Change Component Designator: Old Designator=inv3 New Designator=inv?
Change Component Designator: Old Designator=inv3 New Designator=inv?
Change Component Designator: Old Designator=inv3 New Designator=inv?
Change Component Designator: Old Designator=inv4 New Designator=inv?
Change Component Designator: Old Designator=inv4 New Designator=inv?
Change Component Designator: Old Designator=inv4 New Designator=inv?
Change Component Designator: Old Designator=R1 New Designator=R?
Change Component Designator: Old Designator=R2 New Designator=R?
Change Component Designator: Old Designator=R3 New Designator=R?
Change Component Designator: Old Designator=R4 New Designator=R?
Change Component Designator: Old Designator=R5 New Designator=R?
Change Component Designator: Old Designator=R6 New Designator=R?
Change Component Designator: Old Designator=R7 New Designator=R?
Change Component Designator: Old Designator=R8 New Designator=R?
Change Component Designator: Old Designator=R9 New Designator=R?
Change Component Designator: Old Designator=R10 New Designator=R?
Change Component Designator: Old Designator=R11 New Designator=R?
Change Component Designator: Old Designator=R12 New Designator=R?
Change Component Designator: Old Designator=R13 New Designator=R?
Change Component Designator: Old Designator=R14 New Designator=R?
Change Component Designator: Old Designator=R15 New Designator=R?
Change Component Designator: Old Designator=R16 New Designator=R?
Change Component Designator: Old Designator=R17 New Designator=R?
Change Component Designator: Old Designator=R18 New Designator=R?
Change Component Designator: Old Designator=R19 New Designator=R?
Change Component Designator: Old Designator=R20 New Designator=R?
Change Component Designator: Old Designator=R21 New Designator=R?
Change Component Designator: Old Designator=R22 New Designator=R?
Change Component Designator: Old Designator=R23 New Designator=R?
Change Component Designator: Old Designator=R24 New Designator=R?
Change Component Designator: Old Designator=R25 New Designator=R?
Change Component Designator: Old Designator=R26 New Designator=R?
Change Component Designator: Old Designator=R27 New Designator=R?
Change Component Designator: Old Designator=R28 New Designator=R?
Change Component Designator: Old Designator=R29 New Designator=R?
Change Component Designator: Old Designator=R30 New Designator=R?
Change Component Designator: Old Designator=R32 New Designator=R?
Change Component Designator: Old Designator=R33 New Designator=R?
Change Component Designator: Old Designator=R34 New Designator=R?
Change Component Designator: Old Designator=R35 New Designator=R?
Change Component Designator: Old Designator=R36 New Designator=R?
Change Component Designator: Old Designator=R37 New Designator=R?
Change Component Designator: Old Designator=R38 New Designator=R?
Change Component Designator: Old Designator=R39 New Designator=R?
Change Component Designator: Old Designator=R40 New Designator=R?
Change Component Designator: Old Designator=R41 New Designator=R?
