Update Managed Component C7 From CMP-06035-028451-1[RCER71H335K3K1H03B] To CMP-06035-028451-1[RCER71H335K3K1H03B] in chaves.SchDoc
Update Managed Component C8 From CMP-06035-028451-1[RCER71H335K3K1H03B] To CMP-06035-028451-1[RCER71H335K3K1H03B] in chaves.SchDoc
Update Managed Component C9 From CMP-06035-028451-1[RCER71H335K3K1H03B] To CMP-06035-028451-1[RCER71H335K3K1H03B] in chaves.SchDoc
Update Managed Component C10 From CMP-06035-028451-1[RCER71H335K3K1H03B] To CMP-06035-028451-1[RCER71H335K3K1H03B] in chaves.SchDoc
Update Managed Component C11 From CMP-06035-028451-1[RCER71H335K3K1H03B] To CMP-06035-028451-1[RCER71H335K3K1H03B] in chaves.SchDoc
Update Managed Component C12 From CMP-06035-028451-1[RCER71H335K3K1H03B] To CMP-06035-028451-1[RCER71H335K3K1H03B] in chaves.SchDoc
Update Managed Component C13 From CMP-06035-028451-1[RCER71H335K3K1H03B] To CMP-06035-028451-1[RCER71H335K3K1H03B] in chaves.SchDoc
Update Managed Component C14 From CMP-06035-028451-1[RCER71H335K3K1H03B] To CMP-06035-028451-1[RCER71H335K3K1H03B] in chaves.SchDoc
Update Managed Component C15 From CMP-06035-028451-1[RCER71H335K3K1H03B] To CMP-06035-028451-1[RCER71H335K3K1H03B] in chaves.SchDoc
Update Managed Component C16 From CMP-06035-028451-1[RCER71H335K3K1H03B] To CMP-06035-028451-1[RCER71H335K3K1H03B] in chaves.SchDoc
Replace Part chavA1 MTS-102 in C:\Users\GUSTAVO\OneDrive\trabalhos\extensão\Laboratorios\Projeto 8810\pcb\placa de cima\chaves.SchDoc with MTS-102 from Schlib1.SchLib
Replace Part chavB1 MTS-102 in C:\Users\GUSTAVO\OneDrive\trabalhos\extensão\Laboratorios\Projeto 8810\pcb\placa de cima\chaves.SchDoc with MTS-102 from Schlib1.SchLib
Replace Part chavC1 MTS-102 in C:\Users\GUSTAVO\OneDrive\trabalhos\extensão\Laboratorios\Projeto 8810\pcb\placa de cima\chaves.SchDoc with MTS-102 from Schlib1.SchLib
Replace Part chavD1 MTS-102 in C:\Users\GUSTAVO\OneDrive\trabalhos\extensão\Laboratorios\Projeto 8810\pcb\placa de cima\chaves.SchDoc with MTS-102 from Schlib1.SchLib
Replace Part chavE1 MTS-102 in C:\Users\GUSTAVO\OneDrive\trabalhos\extensão\Laboratorios\Projeto 8810\pcb\placa de cima\chaves.SchDoc with MTS-102 from Schlib1.SchLib
Replace Part chavF1 MTS-102 in C:\Users\GUSTAVO\OneDrive\trabalhos\extensão\Laboratorios\Projeto 8810\pcb\placa de cima\chaves.SchDoc with MTS-102 from Schlib1.SchLib
Replace Part chavG1 MTS-102 in C:\Users\GUSTAVO\OneDrive\trabalhos\extensão\Laboratorios\Projeto 8810\pcb\placa de cima\chaves.SchDoc with MTS-102 from Schlib1.SchLib
Replace Part chavH1 MTS-102 in C:\Users\GUSTAVO\OneDrive\trabalhos\extensão\Laboratorios\Projeto 8810\pcb\placa de cima\chaves.SchDoc with MTS-102 from Schlib1.SchLib
Replace Part chavI1 MTS-102 in C:\Users\GUSTAVO\OneDrive\trabalhos\extensão\Laboratorios\Projeto 8810\pcb\placa de cima\chaves.SchDoc with MTS-102 from Schlib1.SchLib
Replace Part chavJ1 MTS-102 in C:\Users\GUSTAVO\OneDrive\trabalhos\extensão\Laboratorios\Projeto 8810\pcb\placa de cima\chaves.SchDoc with MTS-102 from Schlib1.SchLib
Replace Part HAB1 header 2x4 in C:\Users\GUSTAVO\OneDrive\trabalhos\extensão\Laboratorios\Projeto 8810\pcb\placa de cima\chaves.SchDoc with header 2x4 from Schlib1.SchLib
Replace Part HCD1 header 2x4 in C:\Users\GUSTAVO\OneDrive\trabalhos\extensão\Laboratorios\Projeto 8810\pcb\placa de cima\chaves.SchDoc with header 2x4 from Schlib1.SchLib
Replace Part HEF1 header 2x4 in C:\Users\GUSTAVO\OneDrive\trabalhos\extensão\Laboratorios\Projeto 8810\pcb\placa de cima\chaves.SchDoc with header 2x4 from Schlib1.SchLib
Replace Part HGH1 header 2x4 in C:\Users\GUSTAVO\OneDrive\trabalhos\extensão\Laboratorios\Projeto 8810\pcb\placa de cima\chaves.SchDoc with header 2x4 from Schlib1.SchLib
Replace Part HIJ1 header 2x4 in C:\Users\GUSTAVO\OneDrive\trabalhos\extensão\Laboratorios\Projeto 8810\pcb\placa de cima\chaves.SchDoc with header 2x4 from Schlib1.SchLib
Update Managed Component inv1 From CMP-1615-00889-3[SN74HC14N] To CMP-1615-00889-3[SN74HC14N] in chaves.SchDoc
Update Managed Component inv1 From CMP-1615-00889-3[SN74HC14N] To CMP-1615-00889-3[SN74HC14N] in chaves.SchDoc
Update Managed Component inv1 From CMP-1615-00889-3[SN74HC14N] To CMP-1615-00889-3[SN74HC14N] in chaves.SchDoc
Update Managed Component inv1 From CMP-1615-00889-3[SN74HC14N] To CMP-1615-00889-3[SN74HC14N] in chaves.SchDoc
Update Managed Component inv1 From CMP-1615-00889-3[SN74HC14N] To CMP-1615-00889-3[SN74HC14N] in chaves.SchDoc
Update Managed Component inv1 From CMP-1615-00889-3[SN74HC14N] To CMP-1615-00889-3[SN74HC14N] in chaves.SchDoc
Update Managed Component inv1 From CMP-1615-00889-3[SN74HC14N] To CMP-1615-00889-3[SN74HC14N] in chaves.SchDoc
Update Managed Component inv2 From CMP-1615-00889-3[SN74HC14N] To CMP-1615-00889-3[SN74HC14N] in chaves.SchDoc
Update Managed Component inv2 From CMP-1615-00889-3[SN74HC14N] To CMP-1615-00889-3[SN74HC14N] in chaves.SchDoc
Update Managed Component inv2 From CMP-1615-00889-3[SN74HC14N] To CMP-1615-00889-3[SN74HC14N] in chaves.SchDoc
Update Managed Component inv2 From CMP-1615-00889-3[SN74HC14N] To CMP-1615-00889-3[SN74HC14N] in chaves.SchDoc
Update Managed Component inv2 From CMP-1615-00889-3[SN74HC14N] To CMP-1615-00889-3[SN74HC14N] in chaves.SchDoc
Update Managed Component inv2 From CMP-1615-00889-3[SN74HC14N] To CMP-1615-00889-3[SN74HC14N] in chaves.SchDoc
Update Managed Component inv2 From CMP-1615-00889-3[SN74HC14N] To CMP-1615-00889-3[SN74HC14N] in chaves.SchDoc
Update Managed Component inv3 From CMP-1615-00889-3[SN74HC14N] To CMP-1615-00889-3[SN74HC14N] in chaves.SchDoc
Update Managed Component inv3 From CMP-1615-00889-3[SN74HC14N] To CMP-1615-00889-3[SN74HC14N] in chaves.SchDoc
Update Managed Component inv3 From CMP-1615-00889-3[SN74HC14N] To CMP-1615-00889-3[SN74HC14N] in chaves.SchDoc
Update Managed Component inv3 From CMP-1615-00889-3[SN74HC14N] To CMP-1615-00889-3[SN74HC14N] in chaves.SchDoc
Update Managed Component inv3 From CMP-1615-00889-3[SN74HC14N] To CMP-1615-00889-3[SN74HC14N] in chaves.SchDoc
Update Managed Component inv3 From CMP-1615-00889-3[SN74HC14N] To CMP-1615-00889-3[SN74HC14N] in chaves.SchDoc
Update Managed Component inv3 From CMP-1615-00889-3[SN74HC14N] To CMP-1615-00889-3[SN74HC14N] in chaves.SchDoc
Update Managed Component inv4 From CMP-1615-00889-3[SN74HC14N] To CMP-1615-00889-3[SN74HC14N] in chaves.SchDoc
Update Managed Component inv4 From CMP-1615-00889-3[SN74HC14N] To CMP-1615-00889-3[SN74HC14N] in chaves.SchDoc
Update Managed Component inv4 From CMP-1615-00889-3[SN74HC14N] To CMP-1615-00889-3[SN74HC14N] in chaves.SchDoc
Update Managed Component R1 From CMP-02408-000019-1[MRS16000C2002FCT00] To CMP-02408-000019-1[MRS16000C2002FCT00] in chaves.SchDoc
Update Managed Component R2 From CMP-02408-000019-1[MRS16000C2002FCT00] To CMP-02408-000019-1[MRS16000C2002FCT00] in chaves.SchDoc
Update Managed Component R3 From CMP-02408-000019-1[MRS16000C2002FCT00] To CMP-02408-000019-1[MRS16000C2002FCT00] in chaves.SchDoc
Update Managed Component R4 From CMP-02408-000019-1[MRS16000C2002FCT00] To CMP-02408-000019-1[MRS16000C2002FCT00] in chaves.SchDoc
Update Managed Component R5 From CMP-02408-000019-1[MRS16000C2002FCT00] To CMP-02408-000019-1[MRS16000C2002FCT00] in chaves.SchDoc
Update Managed Component R6 From CMP-02408-000019-1[MRS16000C2002FCT00] To CMP-02408-000019-1[MRS16000C2002FCT00] in chaves.SchDoc
Update Managed Component R7 From CMP-02408-000019-1[MRS16000C2002FCT00] To CMP-02408-000019-1[MRS16000C2002FCT00] in chaves.SchDoc
Update Managed Component R8 From CMP-02408-000019-1[MRS16000C2002FCT00] To CMP-02408-000019-1[MRS16000C2002FCT00] in chaves.SchDoc
Update Managed Component R9 From CMP-02408-000019-1[MRS16000C2002FCT00] To CMP-02408-000019-1[MRS16000C2002FCT00] in chaves.SchDoc
Update Managed Component R10 From CMP-02408-000019-1[MRS16000C2002FCT00] To CMP-02408-000019-1[MRS16000C2002FCT00] in chaves.SchDoc
Update Managed Component R11 From CMP-02408-000019-1[MRS16000C2002FCT00] To CMP-02408-000019-1[MRS16000C2002FCT00] in chaves.SchDoc
Update Managed Component R12 From CMP-02408-000019-1[MRS16000C2002FCT00] To CMP-02408-000019-1[MRS16000C2002FCT00] in chaves.SchDoc
Update Managed Component R13 From CMP-02408-000019-1[MRS16000C2002FCT00] To CMP-02408-000019-1[MRS16000C2002FCT00] in chaves.SchDoc
Update Managed Component R14 From CMP-02408-000019-1[MRS16000C2002FCT00] To CMP-02408-000019-1[MRS16000C2002FCT00] in chaves.SchDoc
Update Managed Component R15 From CMP-02408-000019-1[MRS16000C2002FCT00] To CMP-02408-000019-1[MRS16000C2002FCT00] in chaves.SchDoc
Update Managed Component R16 From CMP-02408-000019-1[MRS16000C2002FCT00] To CMP-02408-000019-1[MRS16000C2002FCT00] in chaves.SchDoc
Update Managed Component R17 From CMP-02408-000019-1[MRS16000C2002FCT00] To CMP-02408-000019-1[MRS16000C2002FCT00] in chaves.SchDoc
Update Managed Component R18 From CMP-02408-000019-1[MRS16000C2002FCT00] To CMP-02408-000019-1[MRS16000C2002FCT00] in chaves.SchDoc
Update Managed Component R19 From CMP-02408-000019-1[MRS16000C2002FCT00] To CMP-02408-000019-1[MRS16000C2002FCT00] in chaves.SchDoc
Update Managed Component R20 From CMP-02408-000019-1[MRS16000C2002FCT00] To CMP-02408-000019-1[MRS16000C2002FCT00] in chaves.SchDoc
Update Managed Component R21 From CMP-02408-000019-1[MRS16000C2002FCT00] To CMP-02408-000019-1[MRS16000C2002FCT00] in chaves.SchDoc
Update Managed Component R22 From CMP-02408-000019-1[MRS16000C2002FCT00] To CMP-02408-000019-1[MRS16000C2002FCT00] in chaves.SchDoc
Update Managed Component R23 From CMP-02408-000019-1[MRS16000C2002FCT00] To CMP-02408-000019-1[MRS16000C2002FCT00] in chaves.SchDoc
Update Managed Component R24 From CMP-02408-000019-1[MRS16000C2002FCT00] To CMP-02408-000019-1[MRS16000C2002FCT00] in chaves.SchDoc
Update Managed Component R25 From CMP-02408-000019-1[MRS16000C2002FCT00] To CMP-02408-000019-1[MRS16000C2002FCT00] in chaves.SchDoc
Update Managed Component R26 From CMP-02408-000019-1[MRS16000C2002FCT00] To CMP-02408-000019-1[MRS16000C2002FCT00] in chaves.SchDoc
Update Managed Component R27 From CMP-02408-000019-1[MRS16000C2002FCT00] To CMP-02408-000019-1[MRS16000C2002FCT00] in chaves.SchDoc
Update Managed Component R28 From CMP-02408-000019-1[MRS16000C2002FCT00] To CMP-02408-000019-1[MRS16000C2002FCT00] in chaves.SchDoc
Update Managed Component R29 From CMP-02408-000019-1[MRS16000C2002FCT00] To CMP-02408-000019-1[MRS16000C2002FCT00] in chaves.SchDoc
Update Managed Component R30 From CMP-02408-000019-1[MRS16000C2002FCT00] To CMP-02408-000019-1[MRS16000C2002FCT00] in chaves.SchDoc
Update Managed Component R31 From CMP-02408-000019-1[MRS16000C2002FCT00] To CMP-02408-000019-1[MRS16000C2002FCT00] in chaves.SchDoc
Update Managed Component R32 From CMP-02408-000019-1[MRS16000C2002FCT00] To CMP-02408-000019-1[MRS16000C2002FCT00] in chaves.SchDoc
Update Managed Component R33 From CMP-02408-000019-1[MRS16000C2002FCT00] To CMP-02408-000019-1[MRS16000C2002FCT00] in chaves.SchDoc
Update Managed Component R34 From CMP-02408-000019-1[MRS16000C2002FCT00] To CMP-02408-000019-1[MRS16000C2002FCT00] in chaves.SchDoc
Update Managed Component R35 From CMP-02408-000019-1[MRS16000C2002FCT00] To CMP-02408-000019-1[MRS16000C2002FCT00] in chaves.SchDoc
Update Managed Component R36 From CMP-02408-000019-1[MRS16000C2002FCT00] To CMP-02408-000019-1[MRS16000C2002FCT00] in chaves.SchDoc
Update Managed Component R37 From CMP-02408-000019-1[MRS16000C2002FCT00] To CMP-02408-000019-1[MRS16000C2002FCT00] in chaves.SchDoc
Update Managed Component R38 From CMP-02408-000019-1[MRS16000C2002FCT00] To CMP-02408-000019-1[MRS16000C2002FCT00] in chaves.SchDoc
Update Managed Component R39 From CMP-02408-000019-1[MRS16000C2002FCT00] To CMP-02408-000019-1[MRS16000C2002FCT00] in chaves.SchDoc
Update Managed Component R40 From CMP-02408-000019-1[MRS16000C2002FCT00] To CMP-02408-000019-1[MRS16000C2002FCT00] in chaves.SchDoc
