Change Component Designator: Old Designator=H_LED1 New Designator=H_LED?
Change Component Designator: Old Designator=H_LED2 New Designator=H_LED?
Change Component Designator: Old Designator=H_LED3 New Designator=H_LED?
Change Component Designator: Old Designator=H_LED4 New Designator=H_LED?
Change Component Designator: Old Designator=H_LED5 New Designator=H_LED?
Change Component Designator: Old Designator=H_LED6 New Designator=H_LED?
Change Component Designator: Old Designator=H_LED7 New Designator=H_LED?
Change Component Designator: Old Designator=H_LED8 New Designator=H_LED?
Change Component Designator: Old Designator=H_LED9 New Designator=H_LED?
Change Component Designator: Old Designator=H_LED10 New Designator=H_LED?
Change Component Designator: Old Designator=LED1 New Designator=LED?
Change Component Designator: Old Designator=LED2 New Designator=LED?
Change Component Designator: Old Designator=LED3 New Designator=LED?
Change Component Designator: Old Designator=LED4 New Designator=LED?
Change Component Designator: Old Designator=LED5 New Designator=LED?
Change Component Designator: Old Designator=LED6 New Designator=LED?
Change Component Designator: Old Designator=LED7 New Designator=LED?
Change Component Designator: Old Designator=LED8 New Designator=LED?
Change Component Designator: Old Designator=LED9 New Designator=LED?
Change Component Designator: Old Designator=LED10 New Designator=LED?
Change Component Designator: Old Designator=lm1 New Designator=lm?
Change Component Designator: Old Designator=lm1 New Designator=lm?
Change Component Designator: Old Designator=lm1 New Designator=lm?
Change Component Designator: Old Designator=lm1 New Designator=lm?
Change Component Designator: Old Designator=lm2 New Designator=lm?
Change Component Designator: Old Designator=lm2 New Designator=lm?
Change Component Designator: Old Designator=lm2 New Designator=lm?
Change Component Designator: Old Designator=lm2 New Designator=lm?
Change Component Designator: Old Designator=lm3 New Designator=lm?
Change Component Designator: Old Designator=lm3 New Designator=lm?
Change Component Designator: Old Designator=pot1 New Designator=pot?
Change Component Designator: Old Designator=R42 New Designator=R?
Change Component Designator: Old Designator=R43 New Designator=R?
Change Component Designator: Old Designator=R44 New Designator=R?
Change Component Designator: Old Designator=R46 New Designator=R?
Change Component Designator: Old Designator=R47 New Designator=R?
Change Component Designator: Old Designator=R48 New Designator=R?
Change Component Designator: Old Designator=R49 New Designator=R?
Change Component Designator: Old Designator=R50 New Designator=R?
Change Component Designator: Old Designator=R51 New Designator=R?
Change Component Designator: Old Designator=R52 New Designator=R?
Change Component Designator: Old Designator=R53 New Designator=R?
Change Component Designator: Old Designator=R54 New Designator=R?
Change Component Designator: Old Designator=R55 New Designator=R?
Change Component Designator: Old Designator=R56 New Designator=R?
Change Component Designator: Old Designator=R57 New Designator=R?
Change Component Designator: Old Designator=R58 New Designator=R?
Change Component Designator: Old Designator=R59 New Designator=R?
Change Component Designator: Old Designator=R60 New Designator=R?
Change Component Designator: Old Designator=R61 New Designator=R?
Change Component Designator: Old Designator=R62 New Designator=R?
