Replace Part H_LED1 Heade 1x2 in C:\Users\GUSTAVO\OneDrive\trabalhos\extensão\Laboratorios\Projeto 8810\pcb\placa de cima\leds.SchDoc with Heade 1x2 from Schlib1.SchLib
Replace Part H_LED2 Heade 1x2 in C:\Users\GUSTAVO\OneDrive\trabalhos\extensão\Laboratorios\Projeto 8810\pcb\placa de cima\leds.SchDoc with Heade 1x2 from Schlib1.SchLib
Replace Part H_LED3 Heade 1x2 in C:\Users\GUSTAVO\OneDrive\trabalhos\extensão\Laboratorios\Projeto 8810\pcb\placa de cima\leds.SchDoc with Heade 1x2 from Schlib1.SchLib
Replace Part H_LED4 Heade 1x2 in C:\Users\GUSTAVO\OneDrive\trabalhos\extensão\Laboratorios\Projeto 8810\pcb\placa de cima\leds.SchDoc with Heade 1x2 from Schlib1.SchLib
Replace Part H_LED5 Heade 1x2 in C:\Users\GUSTAVO\OneDrive\trabalhos\extensão\Laboratorios\Projeto 8810\pcb\placa de cima\leds.SchDoc with Heade 1x2 from Schlib1.SchLib
Replace Part H_LED6 Heade 1x2 in C:\Users\GUSTAVO\OneDrive\trabalhos\extensão\Laboratorios\Projeto 8810\pcb\placa de cima\leds.SchDoc with Heade 1x2 from Schlib1.SchLib
Replace Part H_LED7 Heade 1x2 in C:\Users\GUSTAVO\OneDrive\trabalhos\extensão\Laboratorios\Projeto 8810\pcb\placa de cima\leds.SchDoc with Heade 1x2 from Schlib1.SchLib
Replace Part H_LED8 Heade 1x2 in C:\Users\GUSTAVO\OneDrive\trabalhos\extensão\Laboratorios\Projeto 8810\pcb\placa de cima\leds.SchDoc with Heade 1x2 from Schlib1.SchLib
Replace Part H_LED9 Heade 1x2 in C:\Users\GUSTAVO\OneDrive\trabalhos\extensão\Laboratorios\Projeto 8810\pcb\placa de cima\leds.SchDoc with Heade 1x2 from Schlib1.SchLib
Replace Part H_LED10 Heade 1x2 in C:\Users\GUSTAVO\OneDrive\trabalhos\extensão\Laboratorios\Projeto 8810\pcb\placa de cima\leds.SchDoc with Heade 1x2 from Schlib1.SchLib
Update Managed Component LED1 From CMP-2100-03698-1[WP7113SGD] To CMP-2100-03698-1[WP7113SGD] in leds.SchDoc
Update Managed Component LED2 From CMP-2100-03698-1[WP7113SGD] To CMP-2100-03698-1[WP7113SGD] in leds.SchDoc
Update Managed Component LED3 From CMP-2100-03698-1[WP7113SGD] To CMP-2100-03698-1[WP7113SGD] in leds.SchDoc
Update Managed Component LED4 From CMP-2100-03698-1[WP7113SGD] To CMP-2100-03698-1[WP7113SGD] in leds.SchDoc
Update Managed Component LED5 From CMP-2100-03698-1[WP7113SGD] To CMP-2100-03698-1[WP7113SGD] in leds.SchDoc
Update Managed Component LED6 From CMP-2100-03698-1[WP7113SGD] To CMP-2100-03698-1[WP7113SGD] in leds.SchDoc
Update Managed Component LED7 From CMP-2100-03698-1[WP7113SGD] To CMP-2100-03698-1[WP7113SGD] in leds.SchDoc
Update Managed Component LED8 From CMP-2100-03698-1[WP7113SGD] To CMP-2100-03698-1[WP7113SGD] in leds.SchDoc
Update Managed Component LED9 From CMP-2100-03698-1[WP7113SGD] To CMP-2100-03698-1[WP7113SGD] in leds.SchDoc
Update Managed Component LED10 From CMP-2100-03698-1[WP7113SGD] To CMP-2100-03698-1[WP7113SGD] in leds.SchDoc
Update Managed Component lm1 From CMP-0060-00012-3[LM339J] To CMP-0060-00012-3[LM339J] in leds.SchDoc
Update Managed Component lm1 From CMP-0060-00012-3[LM339J] To CMP-0060-00012-3[LM339J] in leds.SchDoc
Update Managed Component lm1 From CMP-0060-00012-3[LM339J] To CMP-0060-00012-3[LM339J] in leds.SchDoc
Update Managed Component lm1 From CMP-0060-00012-3[LM339J] To CMP-0060-00012-3[LM339J] in leds.SchDoc
Update Managed Component lm2 From CMP-0060-00012-3[LM339J] To CMP-0060-00012-3[LM339J] in leds.SchDoc
Update Managed Component lm2 From CMP-0060-00012-3[LM339J] To CMP-0060-00012-3[LM339J] in leds.SchDoc
Update Managed Component lm2 From CMP-0060-00012-3[LM339J] To CMP-0060-00012-3[LM339J] in leds.SchDoc
Update Managed Component lm2 From CMP-0060-00012-3[LM339J] To CMP-0060-00012-3[LM339J] in leds.SchDoc
Update Managed Component lm3 From CMP-0060-00012-3[LM339J] To CMP-0060-00012-3[LM339J] in leds.SchDoc
Update Managed Component lm3 From CMP-0060-00012-3[LM339J] To CMP-0060-00012-3[LM339J] in leds.SchDoc
Update Managed Component pot1 From CMP-07234-000046-1[3296W-1-501LF] To CMP-07234-000046-1[3296W-1-501LF] in leds.SchDoc
Update Managed Component R42 From CMP-02408-000019-1[MRS16000C2002FCT00] To CMP-02408-000019-1[MRS16000C2002FCT00] in leds.SchDoc
Update Managed Component R43 From CMP-02408-000019-1[MRS16000C2002FCT00] To CMP-02408-000019-1[MRS16000C2002FCT00] in leds.SchDoc
Update Managed Component R44 From CMP-02408-000019-1[MRS16000C2002FCT00] To CMP-02408-000019-1[MRS16000C2002FCT00] in leds.SchDoc
Update Managed Component R45 From CMP-02408-000019-1[MRS16000C2002FCT00] To CMP-02408-000019-1[MRS16000C2002FCT00] in leds.SchDoc
Update Managed Component R46 From CMP-02408-000019-1[MRS16000C2002FCT00] To CMP-02408-000019-1[MRS16000C2002FCT00] in leds.SchDoc
Update Managed Component R47 From CMP-02408-000019-1[MRS16000C2002FCT00] To CMP-02408-000019-1[MRS16000C2002FCT00] in leds.SchDoc
Update Managed Component R48 From CMP-02408-000019-1[MRS16000C2002FCT00] To CMP-02408-000019-1[MRS16000C2002FCT00] in leds.SchDoc
Update Managed Component R49 From CMP-02408-000019-1[MRS16000C2002FCT00] To CMP-02408-000019-1[MRS16000C2002FCT00] in leds.SchDoc
Update Managed Component R50 From CMP-02408-000019-1[MRS16000C2002FCT00] To CMP-02408-000019-1[MRS16000C2002FCT00] in leds.SchDoc
Update Managed Component R51 From CMP-02408-000019-1[MRS16000C2002FCT00] To CMP-02408-000019-1[MRS16000C2002FCT00] in leds.SchDoc
Update Managed Component R52 From CMP-02408-000019-1[MRS16000C2002FCT00] To CMP-02408-000019-1[MRS16000C2002FCT00] in leds.SchDoc
Update Managed Component R53 From CMP-02408-000019-1[MRS16000C2002FCT00] To CMP-02408-000019-1[MRS16000C2002FCT00] in leds.SchDoc
Update Managed Component R54 From CMP-02408-000019-1[MRS16000C2002FCT00] To CMP-02408-000019-1[MRS16000C2002FCT00] in leds.SchDoc
Update Managed Component R55 From CMP-02408-000019-1[MRS16000C2002FCT00] To CMP-02408-000019-1[MRS16000C2002FCT00] in leds.SchDoc
Update Managed Component R56 From CMP-02408-000019-1[MRS16000C2002FCT00] To CMP-02408-000019-1[MRS16000C2002FCT00] in leds.SchDoc
Update Managed Component R57 From CMP-02408-000019-1[MRS16000C2002FCT00] To CMP-02408-000019-1[MRS16000C2002FCT00] in leds.SchDoc
Update Managed Component R58 From CMP-02408-000019-1[MRS16000C2002FCT00] To CMP-02408-000019-1[MRS16000C2002FCT00] in leds.SchDoc
Update Managed Component R59 From CMP-02408-000019-1[MRS16000C2002FCT00] To CMP-02408-000019-1[MRS16000C2002FCT00] in leds.SchDoc
Update Managed Component R60 From CMP-02408-000019-1[MRS16000C2002FCT00] To CMP-02408-000019-1[MRS16000C2002FCT00] in leds.SchDoc
Update Managed Component R61 From CMP-02408-000019-1[MRS16000C2002FCT00] To CMP-02408-000019-1[MRS16000C2002FCT00] in leds.SchDoc
Update Managed Component R62 From CMP-02408-000019-1[MRS16000C2002FCT00] To CMP-02408-000019-1[MRS16000C2002FCT00] in leds.SchDoc
