Change Component Designator: Old Designator=H_LED? New Designator=H_LED1
Change Component Designator: Old Designator=H_LED? New Designator=H_LED2
Change Component Designator: Old Designator=H_LED? New Designator=H_LED3
Change Component Designator: Old Designator=H_LED? New Designator=H_LED4
Change Component Designator: Old Designator=H_LED? New Designator=H_LED5
Change Component Designator: Old Designator=H_LED? New Designator=H_LED6
Change Component Designator: Old Designator=H_LED? New Designator=H_LED7
Change Component Designator: Old Designator=H_LED? New Designator=H_LED8
Change Component Designator: Old Designator=H_LED? New Designator=H_LED9
Change Component Designator: Old Designator=H_LED? New Designator=H_LED10
Change Component Designator: Old Designator=LED? New Designator=LED1
Change Component Designator: Old Designator=LED? New Designator=LED2
Change Component Designator: Old Designator=LED? New Designator=LED3
Change Component Designator: Old Designator=LED? New Designator=LED4
Change Component Designator: Old Designator=LED? New Designator=LED5
Change Component Designator: Old Designator=LED? New Designator=LED6
Change Component Designator: Old Designator=LED? New Designator=LED7
Change Component Designator: Old Designator=LED? New Designator=LED8
Change Component Designator: Old Designator=LED? New Designator=LED9
Change Component Designator: Old Designator=LED? New Designator=LED10
Change Component Designator: Old Designator=lm? New Designator=lm2
Change Component Designator: Old Designator=lm? New Designator=lm3
Change Component Designator: Old Designator=lm? New Designator=lm4
Change Component Designator: Old Designator=lm? New Designator=lm2
Change Component Designator: Old Designator=lm? New Designator=lm3
Change Component Designator: Old Designator=lm? New Designator=lm4
Change Component Designator: Old Designator=lm? New Designator=lm2
Change Component Designator: Old Designator=lm? New Designator=lm3
Change Component Designator: Old Designator=lm? New Designator=lm2
Change Component Designator: Old Designator=lm? New Designator=lm3
Change Component Designator: Old Designator=pot? New Designator=pot6
Change Component Designator: Old Designator=R? New Designator=R48
Change Component Designator: Old Designator=R? New Designator=R49
Change Component Designator: Old Designator=R? New Designator=R50
Change Component Designator: Old Designator=R? New Designator=R51
Change Component Designator: Old Designator=R? New Designator=R52
Change Component Designator: Old Designator=R? New Designator=R53
Change Component Designator: Old Designator=R? New Designator=R54
Change Component Designator: Old Designator=R? New Designator=R55
Change Component Designator: Old Designator=R? New Designator=R56
Change Component Designator: Old Designator=R? New Designator=R57
Change Component Designator: Old Designator=R? New Designator=R58
Change Component Designator: Old Designator=R? New Designator=R59
Change Component Designator: Old Designator=R? New Designator=R60
Change Component Designator: Old Designator=R? New Designator=R61
Change Component Designator: Old Designator=R? New Designator=R62
Change Component Designator: Old Designator=R? New Designator=R63
Change Component Designator: Old Designator=R? New Designator=R64
Change Component Designator: Old Designator=R? New Designator=R65
Change Component Designator: Old Designator=R? New Designator=R66
Change Component Designator: Old Designator=R? New Designator=R67
