Change Component Designator: Old Designator=C? New Designator=C17
Change Component Designator: Old Designator=divi? New Designator=divi1
Change Component Designator: Old Designator=lm? New Designator=lm1
Change Component Designator: Old Designator=lm? New Designator=lm1
Change Component Designator: Old Designator=lm? New Designator=lm1
Change Component Designator: Old Designator=lm? New Designator=lm1
Change Component Designator: Old Designator=pot? New Designator=pot1
Change Component Designator: Old Designator=pot? New Designator=pot2
Change Component Designator: Old Designator=pot? New Designator=pot3
Change Component Designator: Old Designator=pot? New Designator=pot4
Change Component Designator: Old Designator=pot? New Designator=pot5
Change Component Designator: Old Designator=probe? New Designator=probe1
Change Component Designator: Old Designator=R? New Designator=R41
Change Component Designator: Old Designator=R? New Designator=R42
Change Component Designator: Old Designator=R? New Designator=R43
Change Component Designator: Old Designator=R? New Designator=R44
Change Component Designator: Old Designator=R? New Designator=R45
Change Component Designator: Old Designator=R? New Designator=R46
Change Component Designator: Old Designator=R? New Designator=R47
Change Component Designator: Old Designator=U? New Designator=U1
