Change Component Designator: Old Designator=C17 New Designator=C?
Change Component Designator: Old Designator=divi1 New Designator=divi?
Change Component Designator: Old Designator=lm4 New Designator=lm?
Change Component Designator: Old Designator=lm4 New Designator=lm?
Change Component Designator: Old Designator=lm4 New Designator=lm?
Change Component Designator: Old Designator=lm4 New Designator=lm?
Change Component Designator: Old Designator=pot2 New Designator=pot?
Change Component Designator: Old Designator=pot3 New Designator=pot?
Change Component Designator: Old Designator=pot4 New Designator=pot?
Change Component Designator: Old Designator=pot5 New Designator=pot?
Change Component Designator: Old Designator=pot6 New Designator=pot?
Change Component Designator: Old Designator=probe1 New Designator=probe?
Change Component Designator: Old Designator=R63 New Designator=R?
Change Component Designator: Old Designator=R64 New Designator=R?
Change Component Designator: Old Designator=R65 New Designator=R?
Change Component Designator: Old Designator=R66 New Designator=R?
Change Component Designator: Old Designator=R67 New Designator=R?
Change Component Designator: Old Designator=R68 New Designator=R?
Change Component Designator: Old Designator=R69 New Designator=R?
Change Component Designator: Old Designator=U1 New Designator=U?
