Update Managed Component C17 From CMP-06035-028451-1[RCER71H335K3K1H03B] To CMP-06035-028451-1[RCER71H335K3K1H03B] in probe.SchDoc
Update Managed Component divi1 From CMP-1623-00557-2[CD74HC390E] To CMP-1623-00557-2[CD74HC390E] in probe.SchDoc
Update Managed Component lm1 From CMP-0060-00012-3[LM339J] To CMP-0060-00012-3[LM339J] in probe.SchDoc
Update Managed Component lm1 From CMP-0060-00012-3[LM339J] To CMP-0060-00012-3[LM339J] in probe.SchDoc
Update Managed Component lm1 From CMP-0060-00012-3[LM339J] To CMP-0060-00012-3[LM339J] in probe.SchDoc
Update Managed Component lm1 From CMP-0060-00012-3[LM339J] To CMP-0060-00012-3[LM339J] in probe.SchDoc
Update Managed Component pot1 From CMP-07234-000046-1[3296W-1-501LF] To CMP-07234-000046-1[3296W-1-501LF] in probe.SchDoc
Update Managed Component pot2 From CMP-07234-000046-1[3296W-1-501LF] To CMP-07234-000046-1[3296W-1-501LF] in probe.SchDoc
Update Managed Component pot3 From CMP-07234-000046-1[3296W-1-501LF] To CMP-07234-000046-1[3296W-1-501LF] in probe.SchDoc
Update Managed Component pot4 From CMP-07234-000046-1[3296W-1-501LF] To CMP-07234-000046-1[3296W-1-501LF] in probe.SchDoc
Update Managed Component pot5 From CMP-07234-000046-1[3296W-1-501LF] To CMP-07234-000046-1[3296W-1-501LF] in probe.SchDoc
Update Managed Component probe1 From CMP-02766-001775-1[TSW-101-07-L-S] To CMP-02766-001775-1[TSW-101-07-L-S] in probe.SchDoc
Update Managed Component R41 From CMP-02408-000019-1[MRS16000C2002FCT00] To CMP-02408-000019-1[MRS16000C2002FCT00] in probe.SchDoc
Update Managed Component R42 From CMP-02408-000019-1[MRS16000C2002FCT00] To CMP-02408-000019-1[MRS16000C2002FCT00] in probe.SchDoc
Update Managed Component R43 From CMP-02408-000019-1[MRS16000C2002FCT00] To CMP-02408-000019-1[MRS16000C2002FCT00] in probe.SchDoc
Update Managed Component R44 From CMP-02408-000019-1[MRS16000C2002FCT00] To CMP-02408-000019-1[MRS16000C2002FCT00] in probe.SchDoc
Update Managed Component R45 From CMP-02408-000019-1[MRS16000C2002FCT00] To CMP-02408-000019-1[MRS16000C2002FCT00] in probe.SchDoc
Update Managed Component R46 From CMP-02408-000019-1[MRS16000C2002FCT00] To CMP-02408-000019-1[MRS16000C2002FCT00] in probe.SchDoc
Update Managed Component R47 From CMP-02408-000019-1[MRS16000C2002FCT00] To CMP-02408-000019-1[MRS16000C2002FCT00] in probe.SchDoc
Replace Part U1 LDSC512RI in C:\Users\GUSTAVO\OneDrive\trabalhos\extensão\Laboratorios\Projeto 8810\pcb\placa de cima\probe.SchDoc with LDSC512RI from LDSC512RI.SchLib
