Change Component Designator: Old Designator=C? New Designator=C17
Change Component Designator: Old Designator=divi? New Designator=divi1
Change Component Designator: Old Designator=lm? New Designator=lm4
Change Component Designator: Old Designator=lm? New Designator=lm4
Change Component Designator: Old Designator=lm? New Designator=lm4
Change Component Designator: Old Designator=lm? New Designator=lm4
Change Component Designator: Old Designator=pot? New Designator=pot2
Change Component Designator: Old Designator=pot? New Designator=pot3
Change Component Designator: Old Designator=pot? New Designator=pot4
Change Component Designator: Old Designator=pot? New Designator=pot5
Change Component Designator: Old Designator=pot? New Designator=pot6
Change Component Designator: Old Designator=probe? New Designator=probe1
Change Component Designator: Old Designator=R? New Designator=R63
Change Component Designator: Old Designator=R? New Designator=R64
Change Component Designator: Old Designator=R? New Designator=R65
Change Component Designator: Old Designator=R? New Designator=R66
Change Component Designator: Old Designator=R? New Designator=R67
Change Component Designator: Old Designator=R? New Designator=R68
Change Component Designator: Old Designator=R? New Designator=R69
Change Component Designator: Old Designator=U? New Designator=U1
